wc: open : open /does not exist.txt: file does not exist
