A=B
AA=BB
HOME=/root
HOSTNAME=
LOGNAME=$SSHLOGINUSER$
PATH=
PS1=\u@\h:\w\$ 
PWD=/
SHELL=
UID=0
USER=$SSHLOGINUSER$
